[narisareehtml.vipodhasolution.com/index.html]
[backblue.gif]
[fade.gif]
[index.html]
[narisareehtml.vipodhasolution.com/assets/images/favicon.png]
[narisareehtml.vipodhasolution.com/assets/css/bootstrap.min.css]
[narisareehtml.vipodhasolution.com/assets/css/owl.carousel.css]
[cdnjs.cloudflare.com/ajax/libs/font-awesome/6.1.1/css/all.min.css]
[narisareehtml.vipodhasolution.com/assets/fonts/vipodha-font.css]
[narisareehtml.vipodhasolution.com/style.css]
[narisareehtml.vipodhasolution.com/assets/css/vipodha_megamenu.css]
[narisareehtml.vipodhasolution.com/assets/images/en-gb.png]
[narisareehtml.vipodhasolution.com/assets/images/ar.png]
[narisareehtml.vipodhasolution.com/index-2.html]
[narisareehtml.vipodhasolution.com/assets/images/logo.png]
[narisareehtml.vipodhasolution.com/shop.html]
[narisareehtml.vipodhasolution.com/category.html]
[narisareehtml.vipodhasolution.com/assets/images/megamenu/1.png]
[narisareehtml.vipodhasolution.com/assets/images/products/10.jpg]
[narisareehtml.vipodhasolution.com/product.html]
[narisareehtml.vipodhasolution.com/assets/images/products/1.jpg]
[narisareehtml.vipodhasolution.com/assets/images/banners/category_banner1.png]
[narisareehtml.vipodhasolution.com/assets/images/products/8.jpg]
[narisareehtml.vipodhasolution.com/assets/images/products/12.jpg]
[narisareehtml.vipodhasolution.com/assets/images/products/4.jpg]
[narisareehtml.vipodhasolution.com/assets/images/products/14.jpg]
[narisareehtml.vipodhasolution.com/about.html]
[narisareehtml.vipodhasolution.com/contact.html]
[narisareehtml.vipodhasolution.com/site-map.html]
[narisareehtml.vipodhasolution.com/my-account.html]
[narisareehtml.vipodhasolution.com/blog.html]
[narisareehtml.vipodhasolution.com/assets/images/products/11.jpg]
[narisareehtml.vipodhasolution.com/assets/images/products/15.jpg]
[narisareehtml.vipodhasolution.com/shopping-cart.html]
[narisareehtml.vipodhasolution.com/assets/images/banners/mainbanner1.png]
[narisareehtml.vipodhasolution.com/assets/images/banners/mainbanner2.png]
[narisareehtml.vipodhasolution.com/assets/images/products/3.jpg]
[narisareehtml.vipodhasolution.com/assets/images/products/9.jpg]
[narisareehtml.vipodhasolution.com/assets/images/products/7.jpg]
[narisareehtml.vipodhasolution.com/assets/images/products/16.jpg]
[narisareehtml.vipodhasolution.com/assets/images/products/2.jpg]
[narisareehtml.vipodhasolution.com/assets/images/products/5.jpg]
[narisareehtml.vipodhasolution.com/assets/images/products/6.jpg]
[narisareehtml.vipodhasolution.com/assets/images/products/13.jpg]
[narisareehtml.vipodhasolution.com/assets/images/banners/banner1.png]
[narisareehtml.vipodhasolution.com/assets/images/banners/banner2.png]
[narisareehtml.vipodhasolution.com/assets/images/testimonial/1.png]
[narisareehtml.vipodhasolution.com/assets/images/testimonial/2.png]
[narisareehtml.vipodhasolution.com/assets/images/testimonial/3.png]
[narisareehtml.vipodhasolution.com/assets/images/blog/5.png]
[narisareehtml.vipodhasolution.com/many-publishing-packages.html]
[narisareehtml.vipodhasolution.com/assets/images/blog/4.png]
[narisareehtml.vipodhasolution.com/there-are-many-variations.html]
[narisareehtml.vipodhasolution.com/assets/images/blog/3.png]
[narisareehtml.vipodhasolution.com/the-standard-lorem.html]
[narisareehtml.vipodhasolution.com/assets/images/blog/2.png]
[narisareehtml.vipodhasolution.com/it-is-established-fact.html]
[narisareehtml.vipodhasolution.com/assets/images/blog/1.png]
[narisareehtml.vipodhasolution.com/consectetur-adipiscing.html]
[narisareehtml.vipodhasolution.com/assets/images/company-brand/1.png]
[narisareehtml.vipodhasolution.com/assets/images/company-brand/2.png]
[narisareehtml.vipodhasolution.com/assets/images/company-brand/3.png]
[narisareehtml.vipodhasolution.com/assets/images/company-brand/4.png]
[narisareehtml.vipodhasolution.com/assets/images/company-brand/5.png]
[narisareehtml.vipodhasolution.com/assets/images/company-brand/6.png]
[narisareehtml.vipodhasolution.com/delivery-information.html]
[narisareehtml.vipodhasolution.com/privacy-policy.html]
[narisareehtml.vipodhasolution.com/assets/js/vendors/jquery-2.1.1.min.js]
[narisareehtml.vipodhasolution.com/assets/js/bootstrap.min.js]
[narisareehtml.vipodhasolution.com/assets/js/owl.carousel.min.js]
[narisareehtml.vipodhasolution.com/assets/js/vipodha_megamenu.js]
[cdnjs.cloudflare.com/ajax/libs/wow/1.1.2/wow.min.js]
[cdnjs.cloudflare.com/ajax/libs/animate.css/3.7.2/animate.min.css]
[narisareehtml.vipodhasolution.com/index.html]
[narisareehtml.vipodhasolution.com/assets/js/theme.js]
[narisareehtml.vipodhasolution.com/assets/css/bootstrap.min.css]
[narisareehtml.vipodhasolution.com/assets/css/owl.video.play.png]
[narisareehtml.vipodhasolution.com/assets/css/owl.carousel.css]
[cdnjs.cloudflare.com/ajax/libs/font-awesome/6.1.1/css/all.min.css]
[narisareehtml.vipodhasolution.com/assets/fonts/vipodha-font/vipodha2f2d.eot]
[narisareehtml.vipodhasolution.com/assets/fonts/vipodha-font/vipodha2f2d.ttf]
[narisareehtml.vipodhasolution.com/assets/fonts/vipodha-font/vipodha2f2d.woff]
[narisareehtml.vipodhasolution.com/assets/fonts/vipodha-font.css]
[narisareehtml.vipodhasolution.com/assets/fonts/vipodha-font/vipodha2f2d.svg]
[narisareehtml.vipodhasolution.com/assets/images/testimonial/testimonial-bg.png]
[narisareehtml.vipodhasolution.com/assets/images/backtop.png]
[narisareehtml.vipodhasolution.com/assets/images/ajax_loader.gif]
[narisareehtml.vipodhasolution.com/assets/images/banners/breadcrumb_img.png]
[narisareehtml.vipodhasolution.com/style.css]
[narisareehtml.vipodhasolution.com/assets/css/vipodha_megamenu.css]
[narisareehtml.vipodhasolution.com/index-2.html]
[narisareehtml.vipodhasolution.com/shop.html]
[narisareehtml.vipodhasolution.com/assets/images/banners/category_banner2.png]
[narisareehtml.vipodhasolution.com/category.html]
[narisareehtml.vipodhasolution.com/assets/images/products/7-570x570.jpg]
[narisareehtml.vipodhasolution.com/product.html]
[narisareehtml.vipodhasolution.com/site_map.html]
[narisareehtml.vipodhasolution.com/about.html]
[narisareehtml.vipodhasolution.com/contact.html]
[narisareehtml.vipodhasolution.com/site-map.html]
[narisareehtml.vipodhasolution.com/register.html]
[narisareehtml.vipodhasolution.com/my-account.html]
[narisareehtml.vipodhasolution.com/blog.html]
[narisareehtml.vipodhasolution.com/shopping-cart.html]
[narisareehtml.vipodhasolution.com/assets/images/blog-banner/5.png]
[narisareehtml.vipodhasolution.com/many-publishing-packages.html]
[narisareehtml.vipodhasolution.com/assets/images/blog-banner/4.png]
[narisareehtml.vipodhasolution.com/there-are-many-variations.html]
[narisareehtml.vipodhasolution.com/assets/images/blog-banner/3.png]
[narisareehtml.vipodhasolution.com/the-standard-lorem.html]
[narisareehtml.vipodhasolution.com/assets/images/blog-banner/2.png]
[narisareehtml.vipodhasolution.com/it-is-established-fact.html]
[narisareehtml.vipodhasolution.com/assets/images/blog-banner/1.png]
[narisareehtml.vipodhasolution.com/consectetur-adipiscing.html]
[narisareehtml.vipodhasolution.com/delivery-information.html]
[narisareehtml.vipodhasolution.com/privacy-policy.html]
[narisareehtml.vipodhasolution.com/assets/js/vendors/jquery-2.1.1.min.js]
[narisareehtml.vipodhasolution.com/assets/js/bootstrap.min.js]
[narisareehtml.vipodhasolution.com/assets/js/owl.carousel.min.js]
[narisareehtml.vipodhasolution.com/assets/js/vipodha_megamenu.js]
[cdnjs.cloudflare.com/ajax/libs/animate.css/3.7.2/animate.min.css]
[narisareehtml.vipodhasolution.com/assets/js/theme.js]
[narisareehtml.vipodhasolution.com/assets/css/owl.video.play.html]
[narisareehtml.vipodhasolution.com/assets/fonts/vipodha-font/vipodha2f2d.svg]
[narisareehtml.vipodhasolution.com/assets/images/products/7-570x570.html]
[narisareehtml.vipodhasolution.com/site_map.html]
[narisareehtml.vipodhasolution.com/register.html]
